// Jest Snapshot v1, https://goo.gl/fbAQLP

exports[`<Home /> render() renders the component 1`] = `
<div
  className="landing-page"
>
  <Header />
  <HomeBody />
  <Footer />
</div>
`;
